# ADS1115 HIL capture 2026-06-02T20:52:01
# Local branch: hardening/ads1115-industry-standard-p0
# Local commit: e32822341e251a821febe4710a6879f1aff08312
# Serial port: COM19, baud: 115200
# This transcript is evidence only; review manually for pass/fail.


>>> version
=== Version Info ===
  Example firmware build: Jun  2 2026 20:47:43
  ADS1115 library version: 1.0.0
  ADS1115 library full: 1.0.0 (9551bee, 2026-06-02 20:47:40, clean)
  ADS1115 library build: 2026-06-02 20:47:40
  ADS1115 library commit: 9551bee (clean)
  ADS1115 version code: 10000 (major=1 minor=0 patch=0)
> 
>>> addr
  Active ADS1115 address: 0x48
  Requested ADS1115 address: 0x48
  Initialized driver address: 0x48
> 
>>> state
  Active ADS1115 address: 0x48
  Requested ADS1115 address: 0x48
  Initialized driver address: 0x48
Health: state=[32mREADY[0m online=[32mtrue[0m consec=[32m0[0m ok=[32m3448[0m fail=[32m0[0m rate=[32m100.0%[0m
> 
>>> cfg
  Active ADS1115 address: 0x48
  Requested ADS1115 address: 0x48
  Initialized driver address: 0x48
  Config: 0xC583
  Fields: OS=1(idle/start) MUX=AIN0_GND(4) PGA=FSR_2_048V(2) MODE=SINGLE_SHOT DR=SPS_128(4)
  Comparator: mode=TRADITIONAL polarity=ACTIVE_LOW latch=NON_LATCHING queue=DISABLE
=== Cached Settings ===
  Initialized: YES
  State: READY
  Address: 0x48
  Timeout: 50 ms
  Offline threshold: 5
  Hooks: now=YES gpio=NO yield=YES
  Timebase available: YES
  Hardware/cache dirty: NO
  Alert pin: -1
  ALERT/RDY pin configured: NO
  Conversion-ready mode: NO
  Using ALERT/RDY pin: NO
  Mux: AIN0_GND
  Gain: FSR_2_048V
  Rate: SPS_128
  Mode: SINGLE_SHOT
  Comparator: mode=TRADITIONAL pol=ACTIVE_LOW latch=NON_LATCHING queue=DISABLE
  Thresholds: low=-32768 high=32767
  Conversion: started=NO ready=NO start=0 ms lastRaw=32767
> 
>>> drv
  Active ADS1115 address: 0x48
  Requested ADS1115 address: 0x48
  Initialized driver address: 0x48
=== Driver Health ===
  State: [32mREADY[0m
  Online: [32myes[0m
  Consecutive failures: [32m0[0m
  Total success: [32m3449[0m
  Total failures: [32m0[0m
  Success rate: [32m100.0%[0m
  Last OK: [32m300 ms ago (at 250513 ms)[0m
  Last error: [32mnever[0m
> 
>>> addr 0x48
[36m[I][0m Selecting ADS1115 address 0x48
  Status: [32mOK[0m (code=0, detail=0)
  Message: [33mOK[0m
  Active ADS1115 address: 0x48
  Requested ADS1115 address: 0x48
  Initialized driver address: 0x48
=== Driver Health ===
  State: [32mREADY[0m
  Online: [32myes[0m
  Consecutive failures: [32m0[0m
  Total success: [33m0[0m
  Total failures: [32m0[0m
  Success rate: [31m0.0%[0m
  Last OK: [33mnever[0m
  Last error: [32mnever[0m
> # Address check 0x48: present/pass (initialized OK)

>>> probe
  Active ADS1115 address: 0x48
  Requested ADS1115 address: 0x48
  Initialized driver address: 0x48
[36m[I][0m Probing device (no health tracking)...
  Status: [32mOK[0m (code=0, detail=0)
  Message: [33mOK[0m
  Health changes:
  (no health changes)
> 
>>> cfg
  Active ADS1115 address: 0x48
  Requested ADS1115 address: 0x48
  Initialized driver address: 0x48
  Config: 0xC583
  Fields: OS=1(idle/start) MUX=AIN0_GND(4) PGA=FSR_2_048V(2) MODE=SINGLE_SHOT DR=SPS_128(4)
  Comparator: mode=TRADITIONAL polarity=ACTIVE_LOW latch=NON_LATCHING queue=DISABLE
=== Cached Settings ===
  Initialized: YES
  State: READY
  Address: 0x48
  Timeout: 50 ms
  Offline threshold: 5
  Hooks: now=YES gpio=NO yield=YES
  Timebase available: YES
  Hardware/cache dirty: NO
  Alert pin: -1
  ALERT/RDY pin configured: NO
  Conversion-ready mode: NO
  Using ALERT/RDY pin: NO
  Mux: AIN0_GND
  Gain: FSR_2_048V
  Rate: SPS_128
  Mode: SINGLE_SHOT
  Comparator: mode=TRADITIONAL pol=ACTIVE_LOW latch=NON_LATCHING queue=DISABLE
  Thresholds: low=-32768 high=32767
  Conversion: started=NO ready=NO start=0 ms lastRaw=0
> 
>>> selftest
=== ADS1115 selftest (safe commands) ===
  Active ADS1115 address: 0x48
  Requested ADS1115 address: 0x48
  Initialized driver address: 0x48
  [[32mPASS[0m] probe responds
  [[32mPASS[0m] probe no-health-side-effects
  [[32mPASS[0m] readConfig
  [[32mPASS[0m] setMode(single)
  [[32mPASS[0m] verify mode single
  [[32mPASS[0m] setMode(continuous)
  [[32mPASS[0m] verify mode continuous
  [[32mPASS[0m] restore mode(single)
  [[32mPASS[0m] setGain(2.048V)
  [[32mPASS[0m] verify gain bits
  [[32mPASS[0m] setRate(128sps)
  [[32mPASS[0m] verify rate bits
  [[32mPASS[0m] setMux(AIN0_GND)
  [[32mPASS[0m] verify mux bits
  [[32mPASS[0m] startConversion(raw)
  [[32mPASS[0m] poll after start(raw)
  [[32mPASS[0m] readRaw(after start)
  [[32mPASS[0m] startConversion(voltage)
  [[32mPASS[0m] poll before readVoltage
  [[32mPASS[0m] readVoltage
  [[32mPASS[0m] readBlockingVoltage
  [[32mPASS[0m] setComparatorMode
  [[32mPASS[0m] setComparatorPolarity
  [[32mPASS[0m] setComparatorLatch
  [[32mPASS[0m] setComparatorQueue
  [[32mPASS[0m] getThresholds
  [[32mPASS[0m] recover
  [[32mPASS[0m] isOnline
  [[32mPASS[0m] restore baseline
Selftest result: pass=[32m29[0m fail=[32m0[0m skip=[0m0[0m
> 
>>> stress 500
=== stress (500 samples, addr=0x48) ===
  Progress: 50/500 ([31m10%[0m, ok=[32m50[0m, fail=[32m0[0m)
  Progress: 100/500 ([31m20%[0m, ok=[32m100[0m, fail=[32m0[0m)
  Progress: 150/500 ([31m30%[0m, ok=[32m150[0m, fail=[32m0[0m)
  Progress: 200/500 ([31m40%[0m, ok=[32m200[0m, fail=[32m0[0m)
  Progress: 250/500 ([31m50%[0m, ok=[32m250[0m, fail=[32m0[0m)
  Progress: 300/500 ([31m60%[0m, ok=[32m300[0m, fail=[32m0[0m)
  Progress: 350/500 ([31m70%[0m, ok=[32m350[0m, fail=[32m0[0m)
  Progress: 400/500 ([33m80%[0m, ok=[32m400[0m, fail=[32m0[0m)
  Progress: 450/500 ([33m90%[0m, ok=[32m450[0m, fail=[32m0[0m)
  Progress: 500/500 ([32m100%[0m, ok=[32m500[0m, fail=[32m0[0m)
=== Stress Summary ===
  Active ADS1115 address: 0x48
  Requested ADS1115 address: 0x48
  Initialized driver address: 0x48
  Total: 500
  Success: [32m500[0m
  Errors: [32m0[0m
  Success rate: [32m100.00%[0m
  Duration: 5010 ms
  Rate: 99.80 samples/s
  Health delta: [32msuccess +1500[0m, [32mfailures +0[0m
  Health changes:
  TotalOK: 42 -> [32m1542 (+1500)[0m
> 
>>> stress_mix 200
=== stress_mix (200 ops, addr=0x48) ===
  Progress: 20/200 ([31m10%[0m, ok=[32m20[0m, fail=[32m0[0m)
  Progress: 40/200 ([31m20%[0m, ok=[32m40[0m, fail=[32m0[0m)
  Progress: 60/200 ([31m30%[0m, ok=[32m60[0m, fail=[32m0[0m)
  Progress: 80/200 ([31m40%[0m, ok=[32m80[0m, fail=[32m0[0m)
  Progress: 100/200 ([31m50%[0m, ok=[32m100[0m, fail=[32m0[0m)
  Progress: 120/200 ([31m60%[0m, ok=[32m120[0m, fail=[32m0[0m)
  Progress: 140/200 ([31m70%[0m, ok=[32m140[0m, fail=[32m0[0m)
  Progress: 160/200 ([33m80%[0m, ok=[32m160[0m, fail=[32m0[0m)
  Progress: 180/200 ([33m90%[0m, ok=[32m180[0m, fail=[32m0[0m)
  Progress: 200/200 ([32m100%[0m, ok=[32m200[0m, fail=[32m0[0m)
=== stress_mix summary ===
  Active ADS1115 address: 0x48
  Requested ADS1115 address: 0x48
  Initialized driver address: 0x48
  Total: [32mok=200[0m [32mfail=0[0m ([32m100.00%[0m)
  Duration: 2439 ms
  Rate: 82.00 ops/s
  readBlocking [32mok=34[0m [32mfail=0[0m ([32m100.0%[0m)
  readVoltage  [32mok=34[0m [32mfail=0[0m ([32m100.0%[0m)
  start+readRaw [32mok=33[0m [32mfail=0[0m ([32m100.0%[0m)
  readConfig   [32mok=33[0m [32mfail=0[0m ([32m100.0%[0m)
  setGain      [32mok=33[0m [32mfail=0[0m ([32m100.0%[0m)
  setRate      [32mok=33[0m [32mfail=0[0m ([32m100.0%[0m)
  Health delta: [32msuccess +406[0m, [32mfailures +0[0m
  Health changes:
  TotalOK: 1542 -> [32m1948 (+406)[0m
  Baseline restore: [32mOK[0m
> 
>>> addr 0x49
[36m[I][0m Selecting ADS1115 address 0x49
  Status: [32mOK[0m (code=0, detail=0)
  Message: [33mOK[0m
  Active ADS1115 address: 0x49
  Requested ADS1115 address: 0x49
  Initialized driver address: 0x49
=== Driver Health ===
  State: [32mREADY[0m
  Online: [32myes[0m
  Consecutive failures: [32m0[0m
  Total success: [33m0[0m
  Total failures: [32m0[0m
  Success rate: [31m0.0%[0m
  Last OK: [33mnever[0m
  Last error: [32mnever[0m
> # Address check 0x49: present/pass (initialized OK)

>>> probe
  Active ADS1115 address: 0x49
  Requested ADS1115 address: 0x49
  Initialized driver address: 0x49
[36m[I][0m Probing device (no health tracking)...
  Status: [32mOK[0m (code=0, detail=0)
  Message: [33mOK[0m
  Health changes:
  (no health changes)
> 
>>> cfg
  Active ADS1115 address: 0x49
  Requested ADS1115 address: 0x49
  Initialized driver address: 0x49
  Config: 0xC583
  Fields: OS=1(idle/start) MUX=AIN0_GND(4) PGA=FSR_2_048V(2) MODE=SINGLE_SHOT DR=SPS_128(4)
  Comparator: mode=TRADITIONAL polarity=ACTIVE_LOW latch=NON_LATCHING queue=DISABLE
=== Cached Settings ===
  Initialized: YES
  State: READY
  Address: 0x49
  Timeout: 50 ms
  Offline threshold: 5
  Hooks: now=YES gpio=NO yield=YES
  Timebase available: YES
  Hardware/cache dirty: NO
  Alert pin: -1
  ALERT/RDY pin configured: NO
  Conversion-ready mode: NO
  Using ALERT/RDY pin: NO
  Mux: AIN0_GND
  Gain: FSR_2_048V
  Rate: SPS_128
  Mode: SINGLE_SHOT
  Comparator: mode=TRADITIONAL pol=ACTIVE_LOW latch=NON_LATCHING queue=DISABLE
  Thresholds: low=-32768 high=32767
  Conversion: started=NO ready=NO start=0 ms lastRaw=0
> 
>>> selftest
=== ADS1115 selftest (safe commands) ===
  Active ADS1115 address: 0x49
  Requested ADS1115 address: 0x49
  Initialized driver address: 0x49
  [[32mPASS[0m] probe responds
  [[32mPASS[0m] probe no-health-side-effects
  [[32mPASS[0m] readConfig
  [[32mPASS[0m] setMode(single)
  [[32mPASS[0m] verify mode single
  [[32mPASS[0m] setMode(continuous)
  [[32mPASS[0m] verify mode continuous
  [[32mPASS[0m] restore mode(single)
  [[32mPASS[0m] setGain(2.048V)
  [[32mPASS[0m] verify gain bits
  [[32mPASS[0m] setRate(128sps)
  [[32mPASS[0m] verify rate bits
  [[32mPASS[0m] setMux(AIN0_GND)
  [[32mPASS[0m] verify mux bits
  [[32mPASS[0m] startConversion(raw)
  [[32mPASS[0m] poll after start(raw)
  [[32mPASS[0m] readRaw(after start)
  [[32mPASS[0m] startConversion(voltage)
  [[32mPASS[0m] poll before readVoltage
  [[32mPASS[0m] readVoltage
  [[32mPASS[0m] readBlockingVoltage
  [[32mPASS[0m] setComparatorMode
  [[32mPASS[0m] setComparatorPolarity
  [[32mPASS[0m] setComparatorLatch
  [[32mPASS[0m] setComparatorQueue
  [[32mPASS[0m] getThresholds
  [[32mPASS[0m] recover
  [[32mPASS[0m] isOnline
  [[32mPASS[0m] restore baseline
Selftest result: pass=[32m29[0m fail=[32m0[0m skip=[0m0[0m
> 
>>> addr 0x4A
[36m[I][0m Selecting ADS1115 address 0x4A
  Status: [31mI2C_ERROR[0m (code=3, detail=0)
  Message: [33mI2C read length mismatch[0m
  Active ADS1115 address: 0x49
  Requested ADS1115 address: 0x4A
  Initialized driver address: 0x49
  Address note: requested 0x4A is not initialized; functional commands use 0x49
  Last address selection error: I2C_ERROR detail=0 msg=I2C read length mismatch
[33m[W][0m Address selection failed; initialized driver was left unchanged
> # Address check 0x4A: absent/pass-as-negative-test (I2C_ERROR)

>>> probe
  Active ADS1115 address: 0x49
  Requested ADS1115 address: 0x4A
  Initialized driver address: 0x49
  Address note: requested 0x4A is not initialized; functional commands use 0x49
  Last address selection error: I2C_ERROR detail=0 msg=I2C read length mismatch
[36m[I][0m Probing device (no health tracking)...
  Status: [31mI2C_ERROR[0m (code=3, detail=0)
  Message: [33mI2C read length mismatch[0m
  Health changes:
  (no health changes)
> 
>>> cfg
  Active ADS1115 address: 0x49
  Requested ADS1115 address: 0x4A
  Initialized driver address: 0x49
  Address note: requested 0x4A is not initialized; functional commands use 0x49
  Last address selection error: I2C_ERROR detail=0 msg=I2C read length mismatch
[33m[W][0m Requested address is not initialized; showing initialized driver config only
  Config: 0xC583
  Fields: OS=1(idle/start) MUX=AIN0_GND(4) PGA=FSR_2_048V(2) MODE=SINGLE_SHOT DR=SPS_128(4)
  Comparator: mode=TRADITIONAL polarity=ACTIVE_LOW latch=NON_LATCHING queue=DISABLE
=== Cached Settings ===
  Initialized: YES
  State: READY
  Address: 0x49
  Timeout: 50 ms
  Offline threshold: 5
  Hooks: now=YES gpio=NO yield=YES
  Timebase available: YES
  Hardware/cache dirty: NO
  Alert pin: -1
  ALERT/RDY pin configured: NO
  Conversion-ready mode: NO
  Using ALERT/RDY pin: NO
  Mux: AIN0_GND
  Gain: FSR_2_048V
  Rate: SPS_128
  Mode: SINGLE_SHOT
  Comparator: mode=TRADITIONAL pol=ACTIVE_LOW latch=NON_LATCHING queue=DISABLE
  Thresholds: low=-32768 high=32767
  Conversion: started=NO ready=NO start=0 ms lastRaw=23284
> 
>>> addr 0x48
[36m[I][0m Selecting ADS1115 address 0x48
  Status: [32mOK[0m (code=0, detail=0)
  Message: [33mOK[0m
  Active ADS1115 address: 0x48
  Requested ADS1115 address: 0x48
  Initialized driver address: 0x48
=== Driver Health ===
  State: [32mREADY[0m
  Online: [32myes[0m
  Consecutive failures: [32m0[0m
  Total success: [33m0[0m
  Total failures: [32m0[0m
  Success rate: [31m0.0%[0m
  Last OK: [33mnever[0m
  Last error: [32mnever[0m
> # Address check 0x48: present/pass (initialized OK)

>>> probe
  Active ADS1115 address: 0x48
  Requested ADS1115 address: 0x48
  Initialized driver address: 0x48
[36m[I][0m Probing device (no health tracking)...
  Status: [32mOK[0m (code=0, detail=0)
  Message: [33mOK[0m
  Health changes:
  (no health changes)
> 
>>> cfg
  Active ADS1115 address: 0x48
  Requested ADS1115 address: 0x48
  Initialized driver address: 0x48
  Config: 0xC583
  Fields: OS=1(idle/start) MUX=AIN0_GND(4) PGA=FSR_2_048V(2) MODE=SINGLE_SHOT DR=SPS_128(4)
  Comparator: mode=TRADITIONAL polarity=ACTIVE_LOW latch=NON_LATCHING queue=DISABLE
=== Cached Settings ===
  Initialized: YES
  State: READY
  Address: 0x48
  Timeout: 50 ms
  Offline threshold: 5
  Hooks: now=YES gpio=NO yield=YES
  Timebase available: YES
  Hardware/cache dirty: NO
  Alert pin: -1
  ALERT/RDY pin configured: NO
  Conversion-ready mode: NO
  Using ALERT/RDY pin: NO
  Mux: AIN0_GND
  Gain: FSR_2_048V
  Rate: SPS_128
  Mode: SINGLE_SHOT
  Comparator: mode=TRADITIONAL pol=ACTIVE_LOW latch=NON_LATCHING queue=DISABLE
  Thresholds: low=-32768 high=32767
  Conversion: started=NO ready=NO start=0 ms lastRaw=0
> 
>>> selftest
=== ADS1115 selftest (safe commands) ===
  Active ADS1115 address: 0x48
  Requested ADS1115 address: 0x48
  Initialized driver address: 0x48
  [[32mPASS[0m] probe responds
  [[32mPASS[0m] probe no-health-side-effects
  [[32mPASS[0m] readConfig
  [[32mPASS[0m] setMode(single)
  [[32mPASS[0m] verify mode single
  [[32mPASS[0m] setMode(continuous)
  [[32mPASS[0m] verify mode continuous
  [[32mPASS[0m] restore mode(single)
  [[32mPASS[0m] setGain(2.048V)
  [[32mPASS[0m] verify gain bits
  [[32mPASS[0m] setRate(128sps)
  [[32mPASS[0m] verify rate bits
  [[32mPASS[0m] setMux(AIN0_GND)
  [[32mPASS[0m] verify mux bits
  [[32mPASS[0m] startConversion(raw)
  [[32mPASS[0m] poll after start(raw)
  [[32mPASS[0m] readRaw(after start)
  [[32mPASS[0m] startConversion(voltage)
  [[32mPASS[0m] poll before readVoltage
  [[32mPASS[0m] readVoltage
  [[32mPASS[0m] readBlockingVoltage
  [[32mPASS[0m] setComparatorMode
  [[32mPASS[0m] setComparatorPolarity
  [[32mPASS[0m] setComparatorLatch
  [[32mPASS[0m] setComparatorQueue
  [[32mPASS[0m] getThresholds
  [[32mPASS[0m] recover
  [[32mPASS[0m] isOnline
  [[32mPASS[0m] restore baseline
Selftest result: pass=[32m29[0m fail=[32m0[0m skip=[0m0[0m
> 
>>> addr 0x4B
[36m[I][0m Selecting ADS1115 address 0x4B
  Status: [31mI2C_ERROR[0m (code=3, detail=0)
  Message: [33mI2C read length mismatch[0m
  Active ADS1115 address: 0x48
  Requested ADS1115 address: 0x4B
  Initialized driver address: 0x48
  Address note: requested 0x4B is not initialized; functional commands use 0x48
  Last address selection error: I2C_ERROR detail=0 msg=I2C read length mismatch
[33m[W][0m Address selection failed; initialized driver was left unchanged
> # Address check 0x4B: absent/pass-as-negative-test (I2C_ERROR)

>>> probe
  Active ADS1115 address: 0x48
  Requested ADS1115 address: 0x4B
  Initialized driver address: 0x48
  Address note: requested 0x4B is not initialized; functional commands use 0x48
  Last address selection error: I2C_ERROR detail=0 msg=I2C read length mismatch
[36m[I][0m Probing device (no health tracking)...
  Status: [31mI2C_ERROR[0m (code=3, detail=0)
  Message: [33mI2C read length mismatch[0m
  Health changes:
  (no health changes)
> 
>>> cfg
  Active ADS1115 address: 0x48
  Requested ADS1115 address: 0x4B
  Initialized driver address: 0x48
  Address note: requested 0x4B is not initialized; functional commands use 0x48
  Last address selection error: I2C_ERROR detail=0 msg=I2C read length mismatch
[33m[W][0m Requested address is not initialized; showing initialized driver config only
  Config: 0xC583
  Fields: OS=1(idle/start) MUX=AIN0_GND(4) PGA=FSR_2_048V(2) MODE=SINGLE_SHOT DR=SPS_128(4)
  Comparator: mode=TRADITIONAL polarity=ACTIVE_LOW latch=NON_LATCHING queue=DISABLE
=== Cached Settings ===
  Initialized: YES
  State: READY
  Address: 0x48
  Timeout: 50 ms
  Offline threshold: 5
  Hooks: now=YES gpio=NO yield=YES
  Timebase available: YES
  Hardware/cache dirty: NO
  Alert pin: -1
  ALERT/RDY pin configured: NO
  Conversion-ready mode: NO
  Using ALERT/RDY pin: NO
  Mux: AIN0_GND
  Gain: FSR_2_048V
  Rate: SPS_128
  Mode: SINGLE_SHOT
  Comparator: mode=TRADITIONAL pol=ACTIVE_LOW latch=NON_LATCHING queue=DISABLE
  Thresholds: low=-32768 high=32767
  Conversion: started=NO ready=NO start=0 ms lastRaw=26267
> 
>>> addr 0x48
[36m[I][0m Selecting ADS1115 address 0x48
  Status: [32mOK[0m (code=0, detail=0)
  Message: [33mOK[0m
  Active ADS1115 address: 0x48
  Requested ADS1115 address: 0x48
  Initialized driver address: 0x48
=== Driver Health ===
  State: [32mREADY[0m
  Online: [32myes[0m
  Consecutive failures: [32m0[0m
  Total success: [33m0[0m
  Total failures: [32m0[0m
  Success rate: [31m0.0%[0m
  Last OK: [33mnever[0m
  Last error: [32mnever[0m
> # Address check 0x48: present/pass (initialized OK)

>>> probe
  Active ADS1115 address: 0x48
  Requested ADS1115 address: 0x48
  Initialized driver address: 0x48
[36m[I][0m Probing device (no health tracking)...
  Status: [32mOK[0m (code=0, detail=0)
  Message: [33mOK[0m
  Health changes:
  (no health changes)
> 
>>> cfg
  Active ADS1115 address: 0x48
  Requested ADS1115 address: 0x48
  Initialized driver address: 0x48
  Config: 0xC583
  Fields: OS=1(idle/start) MUX=AIN0_GND(4) PGA=FSR_2_048V(2) MODE=SINGLE_SHOT DR=SPS_128(4)
  Comparator: mode=TRADITIONAL polarity=ACTIVE_LOW latch=NON_LATCHING queue=DISABLE
=== Cached Settings ===
  Initialized: YES
  State: READY
  Address: 0x48
  Timeout: 50 ms
  Offline threshold: 5
  Hooks: now=YES gpio=NO yield=YES
  Timebase available: YES
  Hardware/cache dirty: NO
  Alert pin: -1
  ALERT/RDY pin configured: NO
  Conversion-ready mode: NO
  Using ALERT/RDY pin: NO
  Mux: AIN0_GND
  Gain: FSR_2_048V
  Rate: SPS_128
  Mode: SINGLE_SHOT
  Comparator: mode=TRADITIONAL pol=ACTIVE_LOW latch=NON_LATCHING queue=DISABLE
  Thresholds: low=-32768 high=32767
  Conversion: started=NO ready=NO start=0 ms lastRaw=0
> 
>>> selftest
=== ADS1115 selftest (safe commands) ===
  Active ADS1115 address: 0x48
  Requested ADS1115 address: 0x48
  Initialized driver address: 0x48
  [[32mPASS[0m] probe responds
  [[32mPASS[0m] probe no-health-side-effects
  [[32mPASS[0m] readConfig
  [[32mPASS[0m] setMode(single)
  [[32mPASS[0m] verify mode single
  [[32mPASS[0m] setMode(continuous)
  [[32mPASS[0m] verify mode continuous
  [[32mPASS[0m] restore mode(single)
  [[32mPASS[0m] setGain(2.048V)
  [[32mPASS[0m] verify gain bits
  [[32mPASS[0m] setRate(128sps)
  [[32mPASS[0m] verify rate bits
  [[32mPASS[0m] setMux(AIN0_GND)
  [[32mPASS[0m] verify mux bits
  [[32mPASS[0m] startConversion(raw)
  [[32mPASS[0m] poll after start(raw)
  [[32mPASS[0m] readRaw(after start)
  [[32mPASS[0m] startConversion(voltage)
  [[32mPASS[0m] poll before readVoltage
  [[32mPASS[0m] readVoltage
  [[32mPASS[0m] readBlockingVoltage
  [[32mPASS[0m] setComparatorMode
  [[32mPASS[0m] setComparatorPolarity
  [[32mPASS[0m] setComparatorLatch
  [[32mPASS[0m] setComparatorQueue
  [[32mPASS[0m] getThresholds
  [[32mPASS[0m] recover
  [[32mPASS[0m] isOnline
  [[32mPASS[0m] restore baseline
Selftest result: pass=[32m29[0m fail=[32m0[0m skip=[0m0[0m
> 
>>> stress 1000
=== stress (1000 samples, addr=0x48) ===
  Progress: 100/1000 ([31m10%[0m, ok=[32m100[0m, fail=[32m0[0m)
  Progress: 200/1000 ([31m20%[0m, ok=[32m200[0m, fail=[32m0[0m)
  Progress: 300/1000 ([31m30%[0m, ok=[32m300[0m, fail=[32m0[0m)
  Progress: 400/1000 ([31m40%[0m, ok=[32m400[0m, fail=[32m0[0m)
  Progress: 500/1000 ([31m50%[0m, ok=[32m500[0m, fail=[32m0[0m)
  Progress: 600/1000 ([31m60%[0m, ok=[32m600[0m, fail=[32m0[0m)
  Progress: 700/1000 ([31m70%[0m, ok=[32m700[0m, fail=[32m0[0m)
  Progress: 800/1000 ([33m80%[0m, ok=[32m800[0m, fail=[32m0[0m)
  Progress: 900/1000 ([33m90%[0m, ok=[32m900[0m, fail=[32m0[0m)
  Progress: 1000/1000 ([32m100%[0m, ok=[32m1000[0m, fail=[32m0[0m)
=== Stress Summary ===
  Active ADS1115 address: 0x48
  Requested ADS1115 address: 0x48
  Initialized driver address: 0x48
  Total: 1000
  Success: [32m1000[0m
  Errors: [32m0[0m
  Success rate: [32m100.00%[0m
  Duration: 10011 ms
  Rate: 99.89 samples/s
  Health delta: [32msuccess +3000[0m, [32mfailures +0[0m
  Health changes:
  TotalOK: 42 -> [32m3042 (+3000)[0m
> 
>>> stress_mix 200
=== stress_mix (200 ops, addr=0x48) ===
  Progress: 20/200 ([31m10%[0m, ok=[32m20[0m, fail=[32m0[0m)
  Progress: 40/200 ([31m20%[0m, ok=[32m40[0m, fail=[32m0[0m)
  Progress: 60/200 ([31m30%[0m, ok=[32m60[0m, fail=[32m0[0m)
  Progress: 80/200 ([31m40%[0m, ok=[32m80[0m, fail=[32m0[0m)
  Progress: 100/200 ([31m50%[0m, ok=[32m100[0m, fail=[32m0[0m)
  Progress: 120/200 ([31m60%[0m, ok=[32m120[0m, fail=[32m0[0m)
  Progress: 140/200 ([31m70%[0m, ok=[32m140[0m, fail=[32m0[0m)
  Progress: 160/200 ([33m80%[0m, ok=[32m160[0m, fail=[32m0[0m)
  Progress: 180/200 ([33m90%[0m, ok=[32m180[0m, fail=[32m0[0m)
  Progress: 200/200 ([32m100%[0m, ok=[32m200[0m, fail=[32m0[0m)
=== stress_mix summary ===
  Active ADS1115 address: 0x48
  Requested ADS1115 address: 0x48
  Initialized driver address: 0x48
  Total: [32mok=200[0m [32mfail=0[0m ([32m100.00%[0m)
  Duration: 2439 ms
  Rate: 82.00 ops/s
  readBlocking [32mok=34[0m [32mfail=0[0m ([32m100.0%[0m)
  readVoltage  [32mok=34[0m [32mfail=0[0m ([32m100.0%[0m)
  start+readRaw [32mok=33[0m [32mfail=0[0m ([32m100.0%[0m)
  readConfig   [32mok=33[0m [32mfail=0[0m ([32m100.0%[0m)
  setGain      [32mok=33[0m [32mfail=0[0m ([32m100.0%[0m)
  setRate      [32mok=33[0m [32mfail=0[0m ([32m100.0%[0m)
  Health delta: [32msuccess +406[0m, [32mfailures +0[0m
  Health changes:
  TotalOK: 3042 -> [32m3448 (+406)[0m
  Baseline restore: [32mOK[0m
> 
>>> drv
  Active ADS1115 address: 0x48
  Requested ADS1115 address: 0x48
  Initialized driver address: 0x48
=== Driver Health ===
  State: [32mREADY[0m
  Online: [32myes[0m
  Consecutive failures: [32m0[0m
  Total success: [32m3448[0m
  Total failures: [32m0[0m
  Success rate: [32m100.0%[0m
  Last OK: [32m14 ms ago (at 277782 ms)[0m
  Last error: [32mnever[0m
> 